ПРОДУКТИ;Автоматизована банківська система;
ПРОДУКТИ;Казначейські операції;
ВАКАНСІЇ;PL/SQL and Oracle Developer
ВАКАНСІЇ;Middle BI/ETL Developer

